

================================================================
== Vivado HLS Report for 'create_tree'
================================================================
* Date:           Wed Aug  4 17:58:56 2021

* Version:        2020.1 (Build 2897737 on Wed May 27 20:21:37 MDT 2020)
* Project:        huffman_encoding_core_build
* Solution:       optimized
* Product family: zynq
* Target device:  xc7z020-clg484-1


================================================================
== Performance Estimates
================================================================
+ Timing: 
    * Summary: 
    +--------+----------+----------+------------+
    |  Clock |  Target  | Estimated| Uncertainty|
    +--------+----------+----------+------------+
    |ap_clk  | 10.00 ns | 8.661 ns |   1.25 ns  |
    +--------+----------+----------+------------+

+ Latency: 
    * Summary: 
    +---------+---------+-----------+-----------+-----+------+---------+
    |  Latency (cycles) |   Latency (absolute)  |  Interval  | Pipeline|
    |   min   |   max   |    min    |    max    | min |  max |   Type  |
    +---------+---------+-----------+-----------+-----+------+---------+
    |        2|     1022| 20.000 ns | 10.220 us |    2|  1022|   none  |
    +---------+---------+-----------+-----------+-----+------+---------+

    + Detail: 
        * Instance: 
        N/A

        * Loop: 
        +----------------------+---------+---------+----------+-----------+-----------+---------+----------+
        |                      |  Latency (cycles) | Iteration|  Initiation Interval  |   Trip  |          |
        |       Loop Name      |   min   |   max   |  Latency |  achieved |   target  |  Count  | Pipelined|
        +----------------------+---------+---------+----------+-----------+-----------+---------+----------+
        |- create_tree_label5  |        0|     1020|         4|          4|          5| 0 ~ 255 |    yes   |
        +----------------------+---------+---------+----------+-----------+-----------+---------+----------+

============================================================
+ Verbose Summary: Synthesis Manager
============================================================
InlineROM: 1
ExposeGlobal: 0
============================================================
+ Verbose Summary: CDFG Model
============================================================
IsTopModel: 0
ResetActiveHigh: 1
IsCombinational: 2
IsDatapathOnly: 0
HasWiredReturn: 1
HasMFsm: 0
HasVarLatency: 1
IsPipeline: 0
IsRtlPipelined: 0
IsInstanceOverlapped: 0
IsDontTouch: 0
HasImplIP: 0
IsGatedGlobalClock: 0

+ Individual pipeline summary: 
  * Pipeline-0: initiation interval (II) = 4, depth = 4


============================================================
+ Verbose Summary: Schedule
============================================================
* Number of FSM states : 6
* Pipeline : 1
  Pipeline-0 : II = 4, D = 4, States = { 2 3 4 5 }
* Dataflow Pipeline: 0

* FSM state transitions: 
1 --> 2 
2 --> 6 3 
3 --> 4 
4 --> 5 
5 --> 2 
6 --> 

* FSM state operations: 

State 1 <SV = 0> <Delay = 7.26>
ST_1 : Operation 7 [1/1] (0.00ns)   --->   "%frequency_V = alloca [255 x i32], align 4" [./hls-src/huffman_create_tree.cpp:9->./hls-src/huffman_encoding.cpp:50]   --->   Operation 7 'alloca' 'frequency_V' <Predicate = true> <Delay = 0.00> <Core = "RAM">   --->   Core 37 'RAM' <Latency = 1> <II = 1> <Delay = 3.25> <Storage> <Opcode : 'load' 'store'> <Ports = 2> <Width = 31> <Depth = 255> <RAM>
ST_1 : Operation 8 [1/1] (0.00ns)   --->   "%empty = call i32 (...)* @_ssdm_op_SpecInterface(i32* %val_assign_loc, [8 x i8]* @ap_fifo_str, i32 0, i32 0, [1 x i8]* @p_str, i32 0, i32 0, [1 x i8]* @p_str, [1 x i8]* @p_str, [1 x i8]* @p_str, i32 2, i32 2, i32 16, i32 16, [1 x i8]* @p_str, [11 x i8]* @ScalarProp_str)"   --->   Operation 8 'specinterface' 'empty' <Predicate = true> <Delay = 0.00>
ST_1 : Operation 9 [1/1] (3.63ns)   --->   "%val_assign_loc_read = call i32 @_ssdm_op_Read.ap_fifo.i32P(i32* %val_assign_loc)" [./hls-src/huffman_encoding.cpp:50]   --->   Operation 9 'read' 'val_assign_loc_read' <Predicate = true> <Delay = 3.63> <Core = "FIFO">   --->   Core 32 'FIFO' <Latency = 0> <II = 1> <Delay = 3.63> <Storage> <Opcode : 'read' 'write' 'nbread' 'nbwrite'> <Ports = 0> <Width = 32> <Depth = 3> <FIFO>
ST_1 : Operation 10 [1/1] (0.00ns)   --->   "%empty_27 = call i32 (...)* @_ssdm_op_SpecInterface(i32* %val_assign_loc_out, [8 x i8]* @ap_fifo_str, i32 0, i32 0, [1 x i8]* @p_str, i32 0, i32 0, [1 x i8]* @p_str, [1 x i8]* @p_str, [1 x i8]* @p_str, i32 2, i32 2, i32 16, i32 16, [1 x i8]* @p_str, [11 x i8]* @ScalarProp_str)"   --->   Operation 10 'specinterface' 'empty_27' <Predicate = true> <Delay = 0.00>
ST_1 : Operation 11 [1/1] (3.63ns)   --->   "call void @_ssdm_op_Write.ap_fifo.i32P(i32* %val_assign_loc_out, i32 %val_assign_loc_read)" [./hls-src/huffman_encoding.cpp:50]   --->   Operation 11 'write' <Predicate = true> <Delay = 3.63> <Core = "FIFO">   --->   Core 32 'FIFO' <Latency = 0> <II = 1> <Delay = 3.63> <Storage> <Opcode : 'read' 'write' 'nbread' 'nbwrite'> <Ports = 0> <Width = 32> <Depth = 3> <FIFO>
ST_1 : Operation 12 [1/1] (2.55ns)   --->   "%add_ln15 = add nsw i32 %val_assign_loc_read, -1" [./hls-src/huffman_create_tree.cpp:15->./hls-src/huffman_encoding.cpp:50]   --->   Operation 12 'add' 'add_ln15' <Predicate = true> <Delay = 2.55> <Core = "AddSub">   --->   Core 14 'AddSub' <Latency = 0> <II = 1> <Delay = 2.55> <FuncUnit> <Opcode : 'add' 'sub'> <InPorts = 2> <OutPorts = 1>
ST_1 : Operation 13 [1/1] (1.76ns)   --->   "br label %0" [./hls-src/huffman_create_tree.cpp:15->./hls-src/huffman_encoding.cpp:50]   --->   Operation 13 'br' <Predicate = true> <Delay = 1.76>

State 2 <SV = 1> <Delay = 3.45>
ST_2 : Operation 14 [1/1] (0.00ns)   --->   "%t_V_3 = phi i32 [ 0, %entry ], [ %p_0168_2_i_i, %create_tree_label5_end ]" [./hls-src/huffman_create_tree.cpp:35->./hls-src/huffman_encoding.cpp:50]   --->   Operation 14 'phi' 't_V_3' <Predicate = true> <Delay = 0.00>
ST_2 : Operation 15 [1/1] (0.00ns)   --->   "%t_V = phi i32 [ 0, %entry ], [ %p_094_2_i_i, %create_tree_label5_end ]" [./hls-src/huffman_create_tree.cpp:45->./hls-src/huffman_encoding.cpp:50]   --->   Operation 15 'phi' 't_V' <Predicate = true> <Delay = 0.00>
ST_2 : Operation 16 [1/1] (0.00ns)   --->   "%op2_assign = phi i31 [ 0, %entry ], [ %i, %create_tree_label5_end ]"   --->   Operation 16 'phi' 'op2_assign' <Predicate = true> <Delay = 0.00>
ST_2 : Operation 17 [1/1] (0.00ns)   --->   "%zext_ln15 = zext i31 %op2_assign to i32" [./hls-src/huffman_create_tree.cpp:15->./hls-src/huffman_encoding.cpp:50]   --->   Operation 17 'zext' 'zext_ln15' <Predicate = true> <Delay = 0.00>
ST_2 : Operation 18 [1/1] (2.47ns)   --->   "%icmp_ln15 = icmp slt i32 %zext_ln15, %add_ln15" [./hls-src/huffman_create_tree.cpp:15->./hls-src/huffman_encoding.cpp:50]   --->   Operation 18 'icmp' 'icmp_ln15' <Predicate = true> <Delay = 2.47> <Core = "Cmp">   --->   Core 25 'Cmp' <Latency = 0> <II = 1> <Delay = 2.47> <FuncUnit> <Opcode : 'icmp'> <InPorts = 2> <OutPorts = 1>
ST_2 : Operation 19 [1/1] (0.00ns)   --->   "call void (...)* @_ssdm_op_SpecLoopTripCount(i64 0, i64 255, i64 0)"   --->   Operation 19 'speclooptripcount' <Predicate = true> <Delay = 0.00>
ST_2 : Operation 20 [1/1] (2.52ns)   --->   "%i = add i31 %op2_assign, 1" [./hls-src/huffman_create_tree.cpp:15->./hls-src/huffman_encoding.cpp:50]   --->   Operation 20 'add' 'i' <Predicate = true> <Delay = 2.52> <Core = "AddSub">   --->   Core 14 'AddSub' <Latency = 0> <II = 1> <Delay = 2.55> <FuncUnit> <Opcode : 'add' 'sub'> <InPorts = 2> <OutPorts = 1>
ST_2 : Operation 21 [1/1] (0.00ns)   --->   "br i1 %icmp_ln15, label %create_tree_label5_begin, label %.exit" [./hls-src/huffman_create_tree.cpp:15->./hls-src/huffman_encoding.cpp:50]   --->   Operation 21 'br' <Predicate = true> <Delay = 0.00>
ST_2 : Operation 22 [1/1] (0.00ns)   --->   "%zext_ln544 = zext i32 %t_V_3 to i64" [./hls-src/huffman_create_tree.cpp:23->./hls-src/huffman_encoding.cpp:50]   --->   Operation 22 'zext' 'zext_ln544' <Predicate = (icmp_ln15)> <Delay = 0.00>
ST_2 : Operation 23 [1/1] (0.00ns)   --->   "%frequency_V_addr = getelementptr [255 x i32]* %frequency_V, i64 0, i64 %zext_ln544" [./hls-src/huffman_create_tree.cpp:23->./hls-src/huffman_encoding.cpp:50]   --->   Operation 23 'getelementptr' 'frequency_V_addr' <Predicate = (icmp_ln15)> <Delay = 0.00>
ST_2 : Operation 24 [2/2] (3.25ns)   --->   "%intermediate_freq_V_2 = load i32* %frequency_V_addr, align 4" [./hls-src/huffman_create_tree.cpp:23->./hls-src/huffman_encoding.cpp:50]   --->   Operation 24 'load' 'intermediate_freq_V_2' <Predicate = (icmp_ln15)> <Delay = 3.25> <Core = "RAM">   --->   Core 37 'RAM' <Latency = 1> <II = 1> <Delay = 3.25> <Storage> <Opcode : 'load' 'store'> <Ports = 2> <Width = 31> <Depth = 255> <RAM>
ST_2 : Operation 25 [1/1] (0.00ns)   --->   "%zext_ln544_3 = zext i32 %t_V to i64" [./hls-src/huffman_create_tree.cpp:24->./hls-src/huffman_encoding.cpp:50]   --->   Operation 25 'zext' 'zext_ln544_3' <Predicate = (icmp_ln15)> <Delay = 0.00>
ST_2 : Operation 26 [1/1] (0.00ns)   --->   "%in_value_V_addr = getelementptr [256 x i32]* %in_value_V, i64 0, i64 %zext_ln544_3" [./hls-src/huffman_create_tree.cpp:24->./hls-src/huffman_encoding.cpp:50]   --->   Operation 26 'getelementptr' 'in_value_V_addr' <Predicate = (icmp_ln15)> <Delay = 0.00>
ST_2 : Operation 27 [2/2] (3.25ns)   --->   "%in_value_V_load = load i32* %in_value_V_addr, align 4" [./hls-src/huffman_create_tree.cpp:24->./hls-src/huffman_encoding.cpp:50]   --->   Operation 27 'load' 'in_value_V_load' <Predicate = (icmp_ln15)> <Delay = 3.25> <Core = "RAM">   --->   Core 37 'RAM' <Latency = 1> <II = 1> <Delay = 3.25> <Storage> <Opcode : 'load' 'store'> <Ports = 2> <Width = 31> <Depth = 255> <RAM>
ST_2 : Operation 28 [1/1] (0.00ns)   --->   "%in_frequency_V_addr = getelementptr [256 x i32]* %in_frequency_V, i64 0, i64 %zext_ln544_3" [./hls-src/huffman_create_tree.cpp:24->./hls-src/huffman_encoding.cpp:50]   --->   Operation 28 'getelementptr' 'in_frequency_V_addr' <Predicate = (icmp_ln15)> <Delay = 0.00>
ST_2 : Operation 29 [2/2] (3.25ns)   --->   "%node_freq_V_1 = load i32* %in_frequency_V_addr, align 4" [./hls-src/huffman_create_tree.cpp:24->./hls-src/huffman_encoding.cpp:50]   --->   Operation 29 'load' 'node_freq_V_1' <Predicate = (icmp_ln15)> <Delay = 3.25> <Core = "RAM">   --->   Core 37 'RAM' <Latency = 1> <II = 1> <Delay = 3.25> <Storage> <Opcode : 'load' 'store'> <Ports = 2> <Width = 31> <Depth = 255> <RAM>

State 3 <SV = 2> <Delay = 8.66>
ST_3 : Operation 30 [1/1] (0.00ns)   --->   "call void (...)* @_ssdm_op_SpecLoopName([19 x i8]* @p_str368) nounwind" [./hls-src/huffman_create_tree.cpp:15->./hls-src/huffman_encoding.cpp:50]   --->   Operation 30 'specloopname' <Predicate = true> <Delay = 0.00>
ST_3 : Operation 31 [1/1] (0.00ns)   --->   "%tmp_i_i = call i32 (...)* @_ssdm_op_SpecRegionBegin([19 x i8]* @p_str368)" [./hls-src/huffman_create_tree.cpp:15->./hls-src/huffman_encoding.cpp:50]   --->   Operation 31 'specregionbegin' 'tmp_i_i' <Predicate = true> <Delay = 0.00>
ST_3 : Operation 32 [1/1] (0.00ns)   --->   "call void (...)* @_ssdm_op_SpecPipeline(i32 5, i32 1, i32 1, i32 0, [1 x i8]* @p_str469) nounwind" [./hls-src/huffman_create_tree.cpp:16->./hls-src/huffman_encoding.cpp:50]   --->   Operation 32 'specpipeline' <Predicate = true> <Delay = 0.00>
ST_3 : Operation 33 [1/1] (2.47ns)   --->   "%icmp_ln887 = icmp ult i32 %t_V, %val_assign_loc_read" [./hls-src/huffman_create_tree.cpp:22->./hls-src/huffman_encoding.cpp:50]   --->   Operation 33 'icmp' 'icmp_ln887' <Predicate = true> <Delay = 2.47> <Core = "Cmp">   --->   Core 25 'Cmp' <Latency = 0> <II = 1> <Delay = 2.47> <FuncUnit> <Opcode : 'icmp'> <InPorts = 2> <OutPorts = 1>
ST_3 : Operation 34 [1/2] (3.25ns)   --->   "%intermediate_freq_V_2 = load i32* %frequency_V_addr, align 4" [./hls-src/huffman_create_tree.cpp:23->./hls-src/huffman_encoding.cpp:50]   --->   Operation 34 'load' 'intermediate_freq_V_2' <Predicate = true> <Delay = 3.25> <Core = "RAM">   --->   Core 37 'RAM' <Latency = 1> <II = 1> <Delay = 3.25> <Storage> <Opcode : 'load' 'store'> <Ports = 2> <Width = 31> <Depth = 255> <RAM>
ST_3 : Operation 35 [1/2] (3.25ns)   --->   "%in_value_V_load = load i32* %in_value_V_addr, align 4" [./hls-src/huffman_create_tree.cpp:24->./hls-src/huffman_encoding.cpp:50]   --->   Operation 35 'load' 'in_value_V_load' <Predicate = true> <Delay = 3.25> <Core = "RAM">   --->   Core 37 'RAM' <Latency = 1> <II = 1> <Delay = 3.25> <Storage> <Opcode : 'load' 'store'> <Ports = 2> <Width = 31> <Depth = 255> <RAM>
ST_3 : Operation 36 [1/2] (3.25ns)   --->   "%node_freq_V_1 = load i32* %in_frequency_V_addr, align 4" [./hls-src/huffman_create_tree.cpp:24->./hls-src/huffman_encoding.cpp:50]   --->   Operation 36 'load' 'node_freq_V_1' <Predicate = true> <Delay = 3.25> <Core = "RAM">   --->   Core 37 'RAM' <Latency = 1> <II = 1> <Delay = 3.25> <Storage> <Opcode : 'load' 'store'> <Ports = 2> <Width = 31> <Depth = 255> <RAM>
ST_3 : Operation 37 [1/1] (0.00ns)   --->   "br i1 %icmp_ln887, label %1, label %2" [./hls-src/huffman_create_tree.cpp:25->./hls-src/huffman_encoding.cpp:50]   --->   Operation 37 'br' <Predicate = true> <Delay = 0.00>
ST_3 : Operation 38 [1/1] (2.47ns)   --->   "%icmp_ln879_2 = icmp eq i32 %t_V_3, %zext_ln15" [./hls-src/huffman_create_tree.cpp:25->./hls-src/huffman_encoding.cpp:50]   --->   Operation 38 'icmp' 'icmp_ln879_2' <Predicate = (!icmp_ln887)> <Delay = 2.47> <Core = "Cmp">   --->   Core 25 'Cmp' <Latency = 0> <II = 1> <Delay = 2.47> <FuncUnit> <Opcode : 'icmp'> <InPorts = 2> <OutPorts = 1>
ST_3 : Operation 39 [1/1] (0.00ns)   --->   "br i1 %icmp_ln879_2, label %._crit_edge405.i.i, label %._crit_edge406.i.i" [./hls-src/huffman_create_tree.cpp:25->./hls-src/huffman_encoding.cpp:50]   --->   Operation 39 'br' <Predicate = (!icmp_ln887)> <Delay = 0.00>
ST_3 : Operation 40 [1/1] (2.47ns)   --->   "%icmp_ln25 = icmp ult i32 %intermediate_freq_V_2, %node_freq_V_1" [./hls-src/huffman_create_tree.cpp:25->./hls-src/huffman_encoding.cpp:50]   --->   Operation 40 'icmp' 'icmp_ln25' <Predicate = (icmp_ln887)> <Delay = 2.47> <Core = "Cmp">   --->   Core 25 'Cmp' <Latency = 0> <II = 1> <Delay = 2.47> <FuncUnit> <Opcode : 'icmp'> <InPorts = 2> <OutPorts = 1>
ST_3 : Operation 41 [1/1] (2.47ns)   --->   "%icmp_ln879 = icmp ne i32 %t_V_3, %zext_ln15" [./hls-src/huffman_create_tree.cpp:25->./hls-src/huffman_encoding.cpp:50]   --->   Operation 41 'icmp' 'icmp_ln879' <Predicate = (icmp_ln887)> <Delay = 2.47> <Core = "Cmp">   --->   Core 25 'Cmp' <Latency = 0> <II = 1> <Delay = 2.47> <FuncUnit> <Opcode : 'icmp'> <InPorts = 2> <OutPorts = 1>
ST_3 : Operation 42 [1/1] (0.97ns)   --->   "%and_ln25 = and i1 %icmp_ln25, %icmp_ln879" [./hls-src/huffman_create_tree.cpp:25->./hls-src/huffman_encoding.cpp:50]   --->   Operation 42 'and' 'and_ln25' <Predicate = (icmp_ln887)> <Delay = 0.97> <Core = "LogicGate">   --->   Core 27 'LogicGate' <Latency = 0> <II = 1> <Delay = 0.97> <FuncUnit> <Opcode : 'and' 'or' 'xor'> <InPorts = 2> <OutPorts = 1>
ST_3 : Operation 43 [1/1] (0.00ns)   --->   "br i1 %and_ln25, label %._crit_edge406.i.i, label %._crit_edge405.i.i" [./hls-src/huffman_create_tree.cpp:25->./hls-src/huffman_encoding.cpp:50]   --->   Operation 43 'br' <Predicate = (icmp_ln887)> <Delay = 0.00>
ST_3 : Operation 44 [1/1] (0.00ns)   --->   "%zext_ln27 = zext i31 %op2_assign to i64" [./hls-src/huffman_create_tree.cpp:27->./hls-src/huffman_encoding.cpp:50]   --->   Operation 44 'zext' 'zext_ln27' <Predicate = (icmp_ln887 & !and_ln25) | (!icmp_ln887 & icmp_ln879_2)> <Delay = 0.00>
ST_3 : Operation 45 [1/1] (0.00ns)   --->   "%left_V_addr = getelementptr [255 x i32]* %left_V, i64 0, i64 %zext_ln27" [./hls-src/huffman_create_tree.cpp:27->./hls-src/huffman_encoding.cpp:50]   --->   Operation 45 'getelementptr' 'left_V_addr' <Predicate = (icmp_ln887 & !and_ln25) | (!icmp_ln887 & icmp_ln879_2)> <Delay = 0.00>
ST_3 : Operation 46 [1/1] (3.25ns)   --->   "store i32 %in_value_V_load, i32* %left_V_addr, align 4" [./hls-src/huffman_create_tree.cpp:27->./hls-src/huffman_encoding.cpp:50]   --->   Operation 46 'store' <Predicate = (icmp_ln887 & !and_ln25) | (!icmp_ln887 & icmp_ln879_2)> <Delay = 3.25> <Core = "RAM">   --->   Core 37 'RAM' <Latency = 1> <II = 1> <Delay = 3.25> <Storage> <Opcode : 'load' 'store'> <Ports = 2> <Width = 31> <Depth = 255> <RAM>
ST_3 : Operation 47 [1/1] (2.55ns)   --->   "%in_count_V = add i32 %t_V, 1" [./hls-src/huffman_create_tree.cpp:29->./hls-src/huffman_encoding.cpp:50]   --->   Operation 47 'add' 'in_count_V' <Predicate = (icmp_ln887 & !and_ln25) | (!icmp_ln887 & icmp_ln879_2)> <Delay = 2.55> <Core = "AddSub">   --->   Core 14 'AddSub' <Latency = 0> <II = 1> <Delay = 2.55> <FuncUnit> <Opcode : 'add' 'sub'> <InPorts = 2> <OutPorts = 1>
ST_3 : Operation 48 [1/1] (1.76ns)   --->   "br label %._crit_edge409.i.i" [./hls-src/huffman_create_tree.cpp:30->./hls-src/huffman_encoding.cpp:50]   --->   Operation 48 'br' <Predicate = (icmp_ln887 & !and_ln25) | (!icmp_ln887 & icmp_ln879_2)> <Delay = 1.76>
ST_3 : Operation 49 [1/1] (0.00ns)   --->   "%zext_ln32 = zext i31 %op2_assign to i64" [./hls-src/huffman_create_tree.cpp:32->./hls-src/huffman_encoding.cpp:50]   --->   Operation 49 'zext' 'zext_ln32' <Predicate = (icmp_ln887 & and_ln25) | (!icmp_ln887 & !icmp_ln879_2)> <Delay = 0.00>
ST_3 : Operation 50 [1/1] (0.00ns)   --->   "%left_V_addr_1 = getelementptr [255 x i32]* %left_V, i64 0, i64 %zext_ln32" [./hls-src/huffman_create_tree.cpp:32->./hls-src/huffman_encoding.cpp:50]   --->   Operation 50 'getelementptr' 'left_V_addr_1' <Predicate = (icmp_ln887 & and_ln25) | (!icmp_ln887 & !icmp_ln879_2)> <Delay = 0.00>
ST_3 : Operation 51 [1/1] (3.25ns)   --->   "store i32 -1, i32* %left_V_addr_1, align 4" [./hls-src/huffman_create_tree.cpp:32->./hls-src/huffman_encoding.cpp:50]   --->   Operation 51 'store' <Predicate = (icmp_ln887 & and_ln25) | (!icmp_ln887 & !icmp_ln879_2)> <Delay = 3.25> <Core = "RAM">   --->   Core 37 'RAM' <Latency = 1> <II = 1> <Delay = 3.25> <Storage> <Opcode : 'load' 'store'> <Ports = 2> <Width = 31> <Depth = 255> <RAM>
ST_3 : Operation 52 [1/1] (0.00ns)   --->   "%parent_V_addr_1 = getelementptr [255 x i31]* %parent_V, i64 0, i64 %zext_ln544" [./hls-src/huffman_create_tree.cpp:34->./hls-src/huffman_encoding.cpp:50]   --->   Operation 52 'getelementptr' 'parent_V_addr_1' <Predicate = (icmp_ln887 & and_ln25) | (!icmp_ln887 & !icmp_ln879_2)> <Delay = 0.00>
ST_3 : Operation 53 [1/1] (3.25ns)   --->   "store i31 %op2_assign, i31* %parent_V_addr_1, align 4" [./hls-src/huffman_create_tree.cpp:34->./hls-src/huffman_encoding.cpp:50]   --->   Operation 53 'store' <Predicate = (icmp_ln887 & and_ln25) | (!icmp_ln887 & !icmp_ln879_2)> <Delay = 3.25> <Core = "RAM">   --->   Core 37 'RAM' <Latency = 1> <II = 1> <Delay = 3.25> <Storage> <Opcode : 'load' 'store'> <Ports = 2> <Width = 31> <Depth = 255> <RAM>
ST_3 : Operation 54 [1/1] (2.55ns)   --->   "%tree_count_V = add i32 %t_V_3, 1" [./hls-src/huffman_create_tree.cpp:35->./hls-src/huffman_encoding.cpp:50]   --->   Operation 54 'add' 'tree_count_V' <Predicate = (icmp_ln887 & and_ln25) | (!icmp_ln887 & !icmp_ln879_2)> <Delay = 2.55> <Core = "AddSub">   --->   Core 14 'AddSub' <Latency = 0> <II = 1> <Delay = 2.55> <FuncUnit> <Opcode : 'add' 'sub'> <InPorts = 2> <OutPorts = 1>
ST_3 : Operation 55 [1/1] (1.76ns)   --->   "br label %._crit_edge409.i.i"   --->   Operation 55 'br' <Predicate = (icmp_ln887 & and_ln25) | (!icmp_ln887 & !icmp_ln879_2)> <Delay = 1.76>
ST_3 : Operation 56 [1/1] (0.00ns)   --->   "%t_V_5 = phi i32 [ %t_V_3, %._crit_edge405.i.i ], [ %tree_count_V, %._crit_edge406.i.i ]"   --->   Operation 56 'phi' 't_V_5' <Predicate = true> <Delay = 0.00>
ST_3 : Operation 57 [1/1] (0.00ns)   --->   "%t_V_4 = phi i32 [ %in_count_V, %._crit_edge405.i.i ], [ %t_V, %._crit_edge406.i.i ]"   --->   Operation 57 'phi' 't_V_4' <Predicate = true> <Delay = 0.00>
ST_3 : Operation 58 [1/1] (2.47ns)   --->   "%icmp_ln887_1 = icmp ult i32 %t_V_4, %val_assign_loc_read" [./hls-src/huffman_create_tree.cpp:38->./hls-src/huffman_encoding.cpp:50]   --->   Operation 58 'icmp' 'icmp_ln887_1' <Predicate = true> <Delay = 2.47> <Core = "Cmp">   --->   Core 25 'Cmp' <Latency = 0> <II = 1> <Delay = 2.47> <FuncUnit> <Opcode : 'icmp'> <InPorts = 2> <OutPorts = 1>
ST_3 : Operation 59 [1/1] (0.00ns)   --->   "%zext_ln544_5 = zext i32 %t_V_5 to i64" [./hls-src/huffman_create_tree.cpp:39->./hls-src/huffman_encoding.cpp:50]   --->   Operation 59 'zext' 'zext_ln544_5' <Predicate = true> <Delay = 0.00>
ST_3 : Operation 60 [1/1] (0.00ns)   --->   "%frequency_V_addr_1 = getelementptr [255 x i32]* %frequency_V, i64 0, i64 %zext_ln544_5" [./hls-src/huffman_create_tree.cpp:39->./hls-src/huffman_encoding.cpp:50]   --->   Operation 60 'getelementptr' 'frequency_V_addr_1' <Predicate = true> <Delay = 0.00>
ST_3 : Operation 61 [2/2] (3.25ns)   --->   "%intermediate_freq_V = load i32* %frequency_V_addr_1, align 4" [./hls-src/huffman_create_tree.cpp:39->./hls-src/huffman_encoding.cpp:50]   --->   Operation 61 'load' 'intermediate_freq_V' <Predicate = true> <Delay = 3.25> <Core = "RAM">   --->   Core 37 'RAM' <Latency = 1> <II = 1> <Delay = 3.25> <Storage> <Opcode : 'load' 'store'> <Ports = 2> <Width = 31> <Depth = 255> <RAM>
ST_3 : Operation 62 [1/1] (0.00ns)   --->   "%zext_ln544_6 = zext i32 %t_V_4 to i64" [./hls-src/huffman_create_tree.cpp:40->./hls-src/huffman_encoding.cpp:50]   --->   Operation 62 'zext' 'zext_ln544_6' <Predicate = true> <Delay = 0.00>
ST_3 : Operation 63 [1/1] (0.00ns)   --->   "%in_value_V_addr_1 = getelementptr [256 x i32]* %in_value_V, i64 0, i64 %zext_ln544_6" [./hls-src/huffman.h:30->./hls-src/huffman_create_tree.cpp:40->./hls-src/huffman_encoding.cpp:50]   --->   Operation 63 'getelementptr' 'in_value_V_addr_1' <Predicate = true> <Delay = 0.00>
ST_3 : Operation 64 [2/2] (3.25ns)   --->   "%in_value_V_load_1 = load i32* %in_value_V_addr_1, align 4" [./hls-src/huffman.h:30->./hls-src/huffman_create_tree.cpp:40->./hls-src/huffman_encoding.cpp:50]   --->   Operation 64 'load' 'in_value_V_load_1' <Predicate = true> <Delay = 3.25> <Core = "RAM">   --->   Core 37 'RAM' <Latency = 1> <II = 1> <Delay = 3.25> <Storage> <Opcode : 'load' 'store'> <Ports = 2> <Width = 31> <Depth = 255> <RAM>
ST_3 : Operation 65 [1/1] (0.00ns)   --->   "%in_frequency_V_addr_1 = getelementptr [256 x i32]* %in_frequency_V, i64 0, i64 %zext_ln544_6" [./hls-src/huffman.h:30->./hls-src/huffman_create_tree.cpp:40->./hls-src/huffman_encoding.cpp:50]   --->   Operation 65 'getelementptr' 'in_frequency_V_addr_1' <Predicate = true> <Delay = 0.00>
ST_3 : Operation 66 [2/2] (3.25ns)   --->   "%in_frequency_V_load = load i32* %in_frequency_V_addr_1, align 4" [./hls-src/huffman.h:30->./hls-src/huffman_create_tree.cpp:40->./hls-src/huffman_encoding.cpp:50]   --->   Operation 66 'load' 'in_frequency_V_load' <Predicate = true> <Delay = 3.25> <Core = "RAM">   --->   Core 37 'RAM' <Latency = 1> <II = 1> <Delay = 3.25> <Storage> <Opcode : 'load' 'store'> <Ports = 2> <Width = 31> <Depth = 255> <RAM>

State 4 <SV = 3> <Delay = 8.66>
ST_4 : Operation 67 [1/1] (0.00ns)   --->   "%p_090_0_i_i = phi i32 [ %node_freq_V_1, %._crit_edge405.i.i ], [ %intermediate_freq_V_2, %._crit_edge406.i.i ]"   --->   Operation 67 'phi' 'p_090_0_i_i' <Predicate = true> <Delay = 0.00>
ST_4 : Operation 68 [1/2] (3.25ns)   --->   "%intermediate_freq_V = load i32* %frequency_V_addr_1, align 4" [./hls-src/huffman_create_tree.cpp:39->./hls-src/huffman_encoding.cpp:50]   --->   Operation 68 'load' 'intermediate_freq_V' <Predicate = true> <Delay = 3.25> <Core = "RAM">   --->   Core 37 'RAM' <Latency = 1> <II = 1> <Delay = 3.25> <Storage> <Opcode : 'load' 'store'> <Ports = 2> <Width = 31> <Depth = 255> <RAM>
ST_4 : Operation 69 [1/2] (3.25ns)   --->   "%in_value_V_load_1 = load i32* %in_value_V_addr_1, align 4" [./hls-src/huffman.h:30->./hls-src/huffman_create_tree.cpp:40->./hls-src/huffman_encoding.cpp:50]   --->   Operation 69 'load' 'in_value_V_load_1' <Predicate = true> <Delay = 3.25> <Core = "RAM">   --->   Core 37 'RAM' <Latency = 1> <II = 1> <Delay = 3.25> <Storage> <Opcode : 'load' 'store'> <Ports = 2> <Width = 31> <Depth = 255> <RAM>
ST_4 : Operation 70 [1/2] (3.25ns)   --->   "%in_frequency_V_load = load i32* %in_frequency_V_addr_1, align 4" [./hls-src/huffman.h:30->./hls-src/huffman_create_tree.cpp:40->./hls-src/huffman_encoding.cpp:50]   --->   Operation 70 'load' 'in_frequency_V_load' <Predicate = true> <Delay = 3.25> <Core = "RAM">   --->   Core 37 'RAM' <Latency = 1> <II = 1> <Delay = 3.25> <Storage> <Opcode : 'load' 'store'> <Ports = 2> <Width = 31> <Depth = 255> <RAM>
ST_4 : Operation 71 [1/1] (0.00ns)   --->   "br i1 %icmp_ln887_1, label %3, label %4" [./hls-src/huffman_create_tree.cpp:41->./hls-src/huffman_encoding.cpp:50]   --->   Operation 71 'br' <Predicate = true> <Delay = 0.00>
ST_4 : Operation 72 [1/1] (2.47ns)   --->   "%icmp_ln879_4 = icmp eq i32 %t_V_5, %zext_ln15" [./hls-src/huffman_create_tree.cpp:41->./hls-src/huffman_encoding.cpp:50]   --->   Operation 72 'icmp' 'icmp_ln879_4' <Predicate = (!icmp_ln887_1)> <Delay = 2.47> <Core = "Cmp">   --->   Core 25 'Cmp' <Latency = 0> <II = 1> <Delay = 2.47> <FuncUnit> <Opcode : 'icmp'> <InPorts = 2> <OutPorts = 1>
ST_4 : Operation 73 [1/1] (0.00ns)   --->   "br i1 %icmp_ln879_4, label %._crit_edge410.i.i, label %._crit_edge411.i.i" [./hls-src/huffman_create_tree.cpp:41->./hls-src/huffman_encoding.cpp:50]   --->   Operation 73 'br' <Predicate = (!icmp_ln887_1)> <Delay = 0.00>
ST_4 : Operation 74 [1/1] (2.47ns)   --->   "%icmp_ln41 = icmp ult i32 %intermediate_freq_V, %in_frequency_V_load" [./hls-src/huffman_create_tree.cpp:41->./hls-src/huffman_encoding.cpp:50]   --->   Operation 74 'icmp' 'icmp_ln41' <Predicate = (icmp_ln887_1)> <Delay = 2.47> <Core = "Cmp">   --->   Core 25 'Cmp' <Latency = 0> <II = 1> <Delay = 2.47> <FuncUnit> <Opcode : 'icmp'> <InPorts = 2> <OutPorts = 1>
ST_4 : Operation 75 [1/1] (2.47ns)   --->   "%icmp_ln879_3 = icmp ne i32 %t_V_5, %zext_ln15" [./hls-src/huffman_create_tree.cpp:41->./hls-src/huffman_encoding.cpp:50]   --->   Operation 75 'icmp' 'icmp_ln879_3' <Predicate = (icmp_ln887_1)> <Delay = 2.47> <Core = "Cmp">   --->   Core 25 'Cmp' <Latency = 0> <II = 1> <Delay = 2.47> <FuncUnit> <Opcode : 'icmp'> <InPorts = 2> <OutPorts = 1>
ST_4 : Operation 76 [1/1] (0.97ns)   --->   "%and_ln41 = and i1 %icmp_ln41, %icmp_ln879_3" [./hls-src/huffman_create_tree.cpp:41->./hls-src/huffman_encoding.cpp:50]   --->   Operation 76 'and' 'and_ln41' <Predicate = (icmp_ln887_1)> <Delay = 0.97> <Core = "LogicGate">   --->   Core 27 'LogicGate' <Latency = 0> <II = 1> <Delay = 0.97> <FuncUnit> <Opcode : 'and' 'or' 'xor'> <InPorts = 2> <OutPorts = 1>
ST_4 : Operation 77 [1/1] (0.00ns)   --->   "br i1 %and_ln41, label %._crit_edge411.i.i, label %._crit_edge410.i.i" [./hls-src/huffman_create_tree.cpp:41->./hls-src/huffman_encoding.cpp:50]   --->   Operation 77 'br' <Predicate = (icmp_ln887_1)> <Delay = 0.00>
ST_4 : Operation 78 [1/1] (0.00ns)   --->   "%zext_ln43 = zext i31 %op2_assign to i64" [./hls-src/huffman_create_tree.cpp:43->./hls-src/huffman_encoding.cpp:50]   --->   Operation 78 'zext' 'zext_ln43' <Predicate = (icmp_ln887_1 & !and_ln41) | (!icmp_ln887_1 & icmp_ln879_4)> <Delay = 0.00>
ST_4 : Operation 79 [1/1] (0.00ns)   --->   "%right_V_addr = getelementptr [255 x i32]* %right_V, i64 0, i64 %zext_ln43" [./hls-src/huffman_create_tree.cpp:43->./hls-src/huffman_encoding.cpp:50]   --->   Operation 79 'getelementptr' 'right_V_addr' <Predicate = (icmp_ln887_1 & !and_ln41) | (!icmp_ln887_1 & icmp_ln879_4)> <Delay = 0.00>
ST_4 : Operation 80 [1/1] (3.25ns)   --->   "store i32 %in_value_V_load_1, i32* %right_V_addr, align 4" [./hls-src/huffman_create_tree.cpp:43->./hls-src/huffman_encoding.cpp:50]   --->   Operation 80 'store' <Predicate = (icmp_ln887_1 & !and_ln41) | (!icmp_ln887_1 & icmp_ln879_4)> <Delay = 3.25> <Core = "RAM">   --->   Core 37 'RAM' <Latency = 1> <II = 1> <Delay = 3.25> <Storage> <Opcode : 'load' 'store'> <Ports = 2> <Width = 31> <Depth = 255> <RAM>
ST_4 : Operation 81 [1/1] (2.55ns)   --->   "%add_ln209 = add i32 %in_frequency_V_load, %p_090_0_i_i" [./hls-src/huffman_create_tree.cpp:44->./hls-src/huffman_encoding.cpp:50]   --->   Operation 81 'add' 'add_ln209' <Predicate = (icmp_ln887_1 & !and_ln41) | (!icmp_ln887_1 & icmp_ln879_4)> <Delay = 2.55> <Core = "AddSub">   --->   Core 14 'AddSub' <Latency = 0> <II = 1> <Delay = 2.55> <FuncUnit> <Opcode : 'add' 'sub'> <InPorts = 2> <OutPorts = 1>
ST_4 : Operation 82 [1/1] (0.00ns)   --->   "%zext_ln48 = zext i31 %op2_assign to i64" [./hls-src/huffman_create_tree.cpp:48->./hls-src/huffman_encoding.cpp:50]   --->   Operation 82 'zext' 'zext_ln48' <Predicate = (icmp_ln887_1 & and_ln41) | (!icmp_ln887_1 & !icmp_ln879_4)> <Delay = 0.00>
ST_4 : Operation 83 [1/1] (0.00ns)   --->   "%right_V_addr_1 = getelementptr [255 x i32]* %right_V, i64 0, i64 %zext_ln48" [./hls-src/huffman_create_tree.cpp:48->./hls-src/huffman_encoding.cpp:50]   --->   Operation 83 'getelementptr' 'right_V_addr_1' <Predicate = (icmp_ln887_1 & and_ln41) | (!icmp_ln887_1 & !icmp_ln879_4)> <Delay = 0.00>
ST_4 : Operation 84 [1/1] (3.25ns)   --->   "store i32 -1, i32* %right_V_addr_1, align 4" [./hls-src/huffman_create_tree.cpp:48->./hls-src/huffman_encoding.cpp:50]   --->   Operation 84 'store' <Predicate = (icmp_ln887_1 & and_ln41) | (!icmp_ln887_1 & !icmp_ln879_4)> <Delay = 3.25> <Core = "RAM">   --->   Core 37 'RAM' <Latency = 1> <II = 1> <Delay = 3.25> <Storage> <Opcode : 'load' 'store'> <Ports = 2> <Width = 31> <Depth = 255> <RAM>
ST_4 : Operation 85 [1/1] (2.55ns)   --->   "%add_ln209_1 = add i32 %intermediate_freq_V, %p_090_0_i_i" [./hls-src/huffman_create_tree.cpp:49->./hls-src/huffman_encoding.cpp:50]   --->   Operation 85 'add' 'add_ln209_1' <Predicate = (icmp_ln887_1 & and_ln41) | (!icmp_ln887_1 & !icmp_ln879_4)> <Delay = 2.55> <Core = "AddSub">   --->   Core 14 'AddSub' <Latency = 0> <II = 1> <Delay = 2.55> <FuncUnit> <Opcode : 'add' 'sub'> <InPorts = 2> <OutPorts = 1>
ST_4 : Operation 86 [1/1] (0.00ns)   --->   "%parent_V_addr_2 = getelementptr [255 x i31]* %parent_V, i64 0, i64 %zext_ln544_5" [./hls-src/huffman_create_tree.cpp:50->./hls-src/huffman_encoding.cpp:50]   --->   Operation 86 'getelementptr' 'parent_V_addr_2' <Predicate = (icmp_ln887_1 & and_ln41) | (!icmp_ln887_1 & !icmp_ln879_4)> <Delay = 0.00>
ST_4 : Operation 87 [1/1] (3.25ns)   --->   "store i31 %op2_assign, i31* %parent_V_addr_2, align 4" [./hls-src/huffman_create_tree.cpp:50->./hls-src/huffman_encoding.cpp:50]   --->   Operation 87 'store' <Predicate = (icmp_ln887_1 & and_ln41) | (!icmp_ln887_1 & !icmp_ln879_4)> <Delay = 3.25> <Core = "RAM">   --->   Core 37 'RAM' <Latency = 1> <II = 1> <Delay = 3.25> <Storage> <Opcode : 'load' 'store'> <Ports = 2> <Width = 31> <Depth = 255> <RAM>

State 5 <SV = 4> <Delay = 4.32>
ST_5 : Operation 88 [1/1] (0.00ns)   --->   "%frequency_V_addr_2 = getelementptr [255 x i32]* %frequency_V, i64 0, i64 %zext_ln43" [./hls-src/huffman_create_tree.cpp:44->./hls-src/huffman_encoding.cpp:50]   --->   Operation 88 'getelementptr' 'frequency_V_addr_2' <Predicate = (icmp_ln15 & icmp_ln887_1 & !and_ln41) | (icmp_ln15 & !icmp_ln887_1 & icmp_ln879_4)> <Delay = 0.00>
ST_5 : Operation 89 [1/1] (3.25ns)   --->   "store i32 %add_ln209, i32* %frequency_V_addr_2, align 4" [./hls-src/huffman_create_tree.cpp:44->./hls-src/huffman_encoding.cpp:50]   --->   Operation 89 'store' <Predicate = (icmp_ln15 & icmp_ln887_1 & !and_ln41) | (icmp_ln15 & !icmp_ln887_1 & icmp_ln879_4)> <Delay = 3.25> <Core = "RAM">   --->   Core 37 'RAM' <Latency = 1> <II = 1> <Delay = 3.25> <Storage> <Opcode : 'load' 'store'> <Ports = 2> <Width = 31> <Depth = 255> <RAM>
ST_5 : Operation 90 [1/1] (2.55ns)   --->   "%in_count_V_1 = add i32 %t_V_4, 1" [./hls-src/huffman_create_tree.cpp:45->./hls-src/huffman_encoding.cpp:50]   --->   Operation 90 'add' 'in_count_V_1' <Predicate = (icmp_ln15 & icmp_ln887_1 & !and_ln41) | (icmp_ln15 & !icmp_ln887_1 & icmp_ln879_4)> <Delay = 2.55> <Core = "AddSub">   --->   Core 14 'AddSub' <Latency = 0> <II = 1> <Delay = 2.55> <FuncUnit> <Opcode : 'add' 'sub'> <InPorts = 2> <OutPorts = 1>
ST_5 : Operation 91 [1/1] (1.76ns)   --->   "br label %create_tree_label5_end" [./hls-src/huffman_create_tree.cpp:46->./hls-src/huffman_encoding.cpp:50]   --->   Operation 91 'br' <Predicate = (icmp_ln15 & icmp_ln887_1 & !and_ln41) | (icmp_ln15 & !icmp_ln887_1 & icmp_ln879_4)> <Delay = 1.76>
ST_5 : Operation 92 [1/1] (0.00ns)   --->   "%frequency_V_addr_3 = getelementptr [255 x i32]* %frequency_V, i64 0, i64 %zext_ln48" [./hls-src/huffman_create_tree.cpp:49->./hls-src/huffman_encoding.cpp:50]   --->   Operation 92 'getelementptr' 'frequency_V_addr_3' <Predicate = (icmp_ln15 & icmp_ln887_1 & and_ln41) | (icmp_ln15 & !icmp_ln887_1 & !icmp_ln879_4)> <Delay = 0.00>
ST_5 : Operation 93 [1/1] (3.25ns)   --->   "store i32 %add_ln209_1, i32* %frequency_V_addr_3, align 4" [./hls-src/huffman_create_tree.cpp:49->./hls-src/huffman_encoding.cpp:50]   --->   Operation 93 'store' <Predicate = (icmp_ln15 & icmp_ln887_1 & and_ln41) | (icmp_ln15 & !icmp_ln887_1 & !icmp_ln879_4)> <Delay = 3.25> <Core = "RAM">   --->   Core 37 'RAM' <Latency = 1> <II = 1> <Delay = 3.25> <Storage> <Opcode : 'load' 'store'> <Ports = 2> <Width = 31> <Depth = 255> <RAM>
ST_5 : Operation 94 [1/1] (2.55ns)   --->   "%tree_count_V_1 = add i32 %t_V_5, 1" [./hls-src/huffman_create_tree.cpp:51->./hls-src/huffman_encoding.cpp:50]   --->   Operation 94 'add' 'tree_count_V_1' <Predicate = (icmp_ln15 & icmp_ln887_1 & and_ln41) | (icmp_ln15 & !icmp_ln887_1 & !icmp_ln879_4)> <Delay = 2.55> <Core = "AddSub">   --->   Core 14 'AddSub' <Latency = 0> <II = 1> <Delay = 2.55> <FuncUnit> <Opcode : 'add' 'sub'> <InPorts = 2> <OutPorts = 1>
ST_5 : Operation 95 [1/1] (1.76ns)   --->   "br label %create_tree_label5_end"   --->   Operation 95 'br' <Predicate = (icmp_ln15 & icmp_ln887_1 & and_ln41) | (icmp_ln15 & !icmp_ln887_1 & !icmp_ln879_4)> <Delay = 1.76>
ST_5 : Operation 96 [1/1] (0.00ns)   --->   "%p_0168_2_i_i = phi i32 [ %t_V_5, %._crit_edge410.i.i ], [ %tree_count_V_1, %._crit_edge411.i.i ]"   --->   Operation 96 'phi' 'p_0168_2_i_i' <Predicate = (icmp_ln15)> <Delay = 0.00>
ST_5 : Operation 97 [1/1] (0.00ns)   --->   "%p_094_2_i_i = phi i32 [ %in_count_V_1, %._crit_edge410.i.i ], [ %t_V_4, %._crit_edge411.i.i ]"   --->   Operation 97 'phi' 'p_094_2_i_i' <Predicate = (icmp_ln15)> <Delay = 0.00>
ST_5 : Operation 98 [1/1] (0.00ns)   --->   "%empty_28 = call i32 (...)* @_ssdm_op_SpecRegionEnd([19 x i8]* @p_str368, i32 %tmp_i_i)" [./hls-src/huffman_create_tree.cpp:55->./hls-src/huffman_encoding.cpp:50]   --->   Operation 98 'specregionend' 'empty_28' <Predicate = (icmp_ln15)> <Delay = 0.00>
ST_5 : Operation 99 [1/1] (0.00ns)   --->   "br label %0" [./hls-src/huffman_create_tree.cpp:15->./hls-src/huffman_encoding.cpp:50]   --->   Operation 99 'br' <Predicate = (icmp_ln15)> <Delay = 0.00>

State 6 <SV = 2> <Delay = 3.25>
ST_6 : Operation 100 [1/1] (0.00ns)   --->   "%zext_ln544_4 = zext i32 %t_V_3 to i64" [./hls-src/huffman_create_tree.cpp:57->./hls-src/huffman_encoding.cpp:50]   --->   Operation 100 'zext' 'zext_ln544_4' <Predicate = true> <Delay = 0.00>
ST_6 : Operation 101 [1/1] (0.00ns)   --->   "%parent_V_addr = getelementptr [255 x i31]* %parent_V, i64 0, i64 %zext_ln544_4" [./hls-src/huffman_create_tree.cpp:57->./hls-src/huffman_encoding.cpp:50]   --->   Operation 101 'getelementptr' 'parent_V_addr' <Predicate = true> <Delay = 0.00>
ST_6 : Operation 102 [1/1] (3.25ns)   --->   "store i31 0, i31* %parent_V_addr, align 4" [./hls-src/huffman_create_tree.cpp:57->./hls-src/huffman_encoding.cpp:50]   --->   Operation 102 'store' <Predicate = true> <Delay = 3.25> <Core = "RAM">   --->   Core 37 'RAM' <Latency = 1> <II = 1> <Delay = 3.25> <Storage> <Opcode : 'load' 'store'> <Ports = 2> <Width = 31> <Depth = 255> <RAM>
ST_6 : Operation 103 [1/1] (0.00ns)   --->   "ret void"   --->   Operation 103 'ret' <Predicate = true> <Delay = 0.00>


============================================================
+ Verbose Summary: Timing violations
============================================================
Target clock period: 10ns, clock uncertainty: 1.25ns.

 <State 1>: 7.27ns
The critical path consists of the following:
	fifo read on port 'val_assign_loc' (./hls-src/huffman_encoding.cpp:50) [10]  (3.63 ns)
	fifo write on port 'val_assign_loc_out' (./hls-src/huffman_encoding.cpp:50) [12]  (3.63 ns)

 <State 2>: 3.45ns
The critical path consists of the following:
	'icmp' operation ('icmp_ln15', ./hls-src/huffman_create_tree.cpp:15->./hls-src/huffman_encoding.cpp:50) [20]  (2.47 ns)
	blocking operation 0.978 ns on control path)

 <State 3>: 8.66ns
The critical path consists of the following:
	'add' operation ('in_count.V', ./hls-src/huffman_create_tree.cpp:29->./hls-src/huffman_encoding.cpp:50) [50]  (2.55 ns)
	multiplexor before 'phi' operation ('in_count.V') with incoming values : ('in_count.V', ./hls-src/huffman_create_tree.cpp:29->./hls-src/huffman_encoding.cpp:50) ('in_count.V', ./hls-src/huffman_create_tree.cpp:45->./hls-src/huffman_encoding.cpp:50) [62]  (1.77 ns)
	'phi' operation ('in_count.V') with incoming values : ('in_count.V', ./hls-src/huffman_create_tree.cpp:29->./hls-src/huffman_encoding.cpp:50) ('in_count.V', ./hls-src/huffman_create_tree.cpp:45->./hls-src/huffman_encoding.cpp:50) [62]  (0 ns)
	'getelementptr' operation ('in_value_V_addr_1', ./hls-src/huffman.h:30->./hls-src/huffman_create_tree.cpp:40->./hls-src/huffman_encoding.cpp:50) [69]  (0 ns)
	'load' operation ('in_value_V_load_1', ./hls-src/huffman.h:30->./hls-src/huffman_create_tree.cpp:40->./hls-src/huffman_encoding.cpp:50) on array 'in_value_V' [70]  (3.25 ns)
	blocking operation 1.09 ns on control path)

 <State 4>: 8.66ns
The critical path consists of the following:
	'load' operation ('intermediate_freq.V', ./hls-src/huffman_create_tree.cpp:39->./hls-src/huffman_encoding.cpp:50) on array 'frequency.V', ./hls-src/huffman_create_tree.cpp:9->./hls-src/huffman_encoding.cpp:50 [67]  (3.25 ns)
	'icmp' operation ('icmp_ln41', ./hls-src/huffman_create_tree.cpp:41->./hls-src/huffman_encoding.cpp:50) [78]  (2.47 ns)
	'and' operation ('and_ln41', ./hls-src/huffman_create_tree.cpp:41->./hls-src/huffman_encoding.cpp:50) [80]  (0.978 ns)
	blocking operation 1.96 ns on control path)

 <State 5>: 4.32ns
The critical path consists of the following:
	'add' operation ('in_count.V', ./hls-src/huffman_create_tree.cpp:45->./hls-src/huffman_encoding.cpp:50) [89]  (2.55 ns)
	multiplexor before 'phi' operation ('in_count.V') with incoming values : ('in_count.V', ./hls-src/huffman_create_tree.cpp:29->./hls-src/huffman_encoding.cpp:50) ('in_count.V', ./hls-src/huffman_create_tree.cpp:45->./hls-src/huffman_encoding.cpp:50) [104]  (1.77 ns)
	'phi' operation ('in_count.V') with incoming values : ('in_count.V', ./hls-src/huffman_create_tree.cpp:29->./hls-src/huffman_encoding.cpp:50) ('in_count.V', ./hls-src/huffman_create_tree.cpp:45->./hls-src/huffman_encoding.cpp:50) [104]  (0 ns)

 <State 6>: 3.25ns
The critical path consists of the following:
	'getelementptr' operation ('parent_V_addr', ./hls-src/huffman_create_tree.cpp:57->./hls-src/huffman_encoding.cpp:50) [109]  (0 ns)
	'store' operation ('store_ln57', ./hls-src/huffman_create_tree.cpp:57->./hls-src/huffman_encoding.cpp:50) of constant 0 on array 'parent_V' [110]  (3.25 ns)


============================================================
+ Verbose Summary: Binding
============================================================
N/A
* FSMD analyzer results:
  - Output states:
 - Input state : 
  - Chain level:
	State 1
	State 2
	State 3
	State 4
	State 5
	State 6


============================================================
+ Verbose Summary: Datapath Resource usage 
============================================================
N/A
