

================================================================
== Vivado HLS Report for 'sort'
================================================================
* Date:           Tue Aug  3 15:38:33 2021

* Version:        2020.1 (Build 2897737 on Wed May 27 20:21:37 MDT 2020)
* Project:        huffman_encoding_core_build
* Solution:       optimized
* Product family: zynq
* Target device:  xc7z020-clg484-1


================================================================
== Performance Estimates
================================================================
+ Timing: 
    * Summary: 
    +--------+----------+----------+------------+
    |  Clock |  Target  | Estimated| Uncertainty|
    +--------+----------+----------+------------+
    |ap_clk  | 10.00 ns | 7.674 ns |   1.25 ns  |
    +--------+----------+----------+------------+

+ Latency: 
    * Summary: 
    +---------+---------+----------+-----------+-----+------+---------+
    |  Latency (cycles) |  Latency (absolute)  |  Interval  | Pipeline|
    |   min   |   max   |    min   |    max    | min |  max |   Type  |
    +---------+---------+----------+-----------+-----+------+---------+
    |      355|     4707| 3.550 us | 47.070 us |  355|  4707|   none  |
    +---------+---------+----------+-----------+-----+------+---------+

    + Detail: 
        * Instance: 
        N/A

        * Loop: 
        +------------------------+---------+---------+----------+-----------+-----------+---------+----------+
        |                        |  Latency (cycles) | Iteration|  Initiation Interval  |   Trip  |          |
        |        Loop Name       |   min   |   max   |  Latency |  achieved |   target  |  Count  | Pipelined|
        +------------------------+---------+---------+----------+-----------+-----------+---------+----------+
        |- copy_in_to_sorting    |        0|      256|         2|          1|          1| 0 ~ 256 |    yes   |
        |- radix_sort            |      352|     4448| 44 ~ 556 |          -|          -|        8|    no    |
        | + init_histogram       |       16|       16|         1|          1|          1|       16|    yes   |
        | + compute_histogram    |        2|      258|         3|          1|          1| 0 ~ 256 |    yes   |
        | + find_digit_location  |       15|       15|         1|          1|          1|       15|    yes   |
        | + re_sort              |        2|      258|         3|          1|          1| 0 ~ 256 |    yes   |
        +------------------------+---------+---------+----------+-----------+-----------+---------+----------+



================================================================
== Utilization Estimates
================================================================
* Summary: 
+-----------------+---------+-------+--------+-------+-----+
|       Name      | BRAM_18K| DSP48E|   FF   |  LUT  | URAM|
+-----------------+---------+-------+--------+-------+-----+
|DSP              |        -|      -|       -|      -|    -|
|Expression       |        -|      -|       0|    468|    -|
|FIFO             |        -|      -|       -|      -|    -|
|Instance         |        -|      -|       0|    195|    -|
|Memory           |        5|      -|       0|      0|    0|
|Multiplexer      |        -|      -|       -|   1864|    -|
|Register         |        -|      -|    3320|      -|    -|
+-----------------+---------+-------+--------+-------+-----+
|Total            |        5|      0|    3320|   2527|    0|
+-----------------+---------+-------+--------+-------+-----+
|Available        |      280|    220|  106400|  53200|    0|
+-----------------+---------+-------+--------+-------+-----+
|Utilization (%)  |        1|      0|       3|      4|    0|
+-----------------+---------+-------+--------+-------+-----+

+ Detail: 
    * Instance: 
    +-------------------------+----------------------+---------+-------+---+----+-----+
    |         Instance        |        Module        | BRAM_18K| DSP48E| FF| LUT| URAM|
    +-------------------------+----------------------+---------+-------+---+----+-----+
    |huffman_encoding_g8j_U6  |huffman_encoding_g8j  |        0|      0|  0|  65|    0|
    |huffman_encoding_g8j_U7  |huffman_encoding_g8j  |        0|      0|  0|  65|    0|
    |huffman_encoding_g8j_U8  |huffman_encoding_g8j  |        0|      0|  0|  65|    0|
    +-------------------------+----------------------+---------+-------+---+----+-----+
    |Total                    |                      |        0|      0|  0| 195|    0|
    +-------------------------+----------------------+---------+-------+---+----+-----+

    * DSP48E: 
    N/A

    * Memory: 
    +------------------------+----------------------+---------+---+----+-----+------+-----+------+-------------+
    |         Memory         |        Module        | BRAM_18K| FF| LUT| URAM| Words| Bits| Banks| W*Bits*Banks|
    +------------------------+----------------------+---------+---+----+-----+------+-----+------+-------------+
    |current_digit_V_U       |sort_current_digifYi  |        1|  0|   0|    0|   256|    4|     1|         1024|
    |previous_sorting_val_U  |sort_previous_sorbkb  |        1|  0|   0|    0|   256|   32|     1|         8192|
    |previous_sorting_fre_U  |sort_previous_sorbkb  |        1|  0|   0|    0|   256|   32|     1|         8192|
    |sorting_value_V_U       |sort_previous_sorbkb  |        1|  0|   0|    0|   256|   32|     1|         8192|
    |sorting_frequency_V_U   |sort_previous_sorbkb  |        1|  0|   0|    0|   256|   32|     1|         8192|
    +------------------------+----------------------+---------+---+----+-----+------+-----+------+-------------+
    |Total                   |                      |        5|  0|   0|    0|  1280|  132|     5|        33792|
    +------------------------+----------------------+---------+---+----+-----+------+-----+------+-------------+

    * FIFO: 
    N/A

    * Expression: 
    +--------------------------------+----------+-------+---+-----+------------+------------+
    |          Variable Name         | Operation| DSP48E| FF| LUT | Bitwidth P0| Bitwidth P1|
    +--------------------------------+----------+-------+---+-----+------------+------------+
    |digit_histogram_0_V_fu_5013_p2  |     +    |      0|  0|   39|           1|          32|
    |digit_location_0_V_fu_5171_p2   |     +    |      0|  0|   39|          32|           1|
    |digit_location_1_V_fu_5083_p2   |     +    |      0|  0|   39|          32|          32|
    |i_1_fu_5104_p2                  |     +    |      0|  0|   15|           5|           1|
    |i_fu_4940_p2                    |     +    |      0|  0|   15|           5|           1|
    |j_1_fu_4955_p2                  |     +    |      0|  0|   39|          32|           1|
    |j_2_fu_5115_p2                  |     +    |      0|  0|   39|          32|           1|
    |j_fu_4910_p2                    |     +    |      0|  0|   39|          32|           1|
    |shift_fu_5193_p2                |     +    |      0|  0|   15|           6|           3|
    |icmp_ln20_fu_4905_p2            |   icmp   |      0|  0|   18|          32|          32|
    |icmp_ln28_fu_4934_p2            |   icmp   |      0|  0|   11|           5|           6|
    |icmp_ln34_fu_4950_p2            |   icmp   |      0|  0|   18|          32|          32|
    |icmp_ln44_fu_5035_p2            |   icmp   |      0|  0|   11|           5|           6|
    |icmp_ln49_fu_5110_p2            |   icmp   |      0|  0|   18|          32|          32|
    |lshr_ln1503_fu_4967_p2          |   lshr   |      0|  0|  101|          32|          32|
    |ap_block_state1                 |    or    |      0|  0|    2|           1|           1|
    |ap_condition_1249               |    or    |      0|  0|    2|           1|           1|
    |ap_enable_pp0                   |    xor   |      0|  0|    2|           1|           2|
    |ap_enable_pp2                   |    xor   |      0|  0|    2|           1|           2|
    |ap_enable_pp4                   |    xor   |      0|  0|    2|           1|           2|
    |ap_enable_reg_pp0_iter1         |    xor   |      0|  0|    2|           2|           1|
    +--------------------------------+----------+-------+---+-----+------------+------------+
    |Total                           |          |      0|  0|  468|         322|         222|
    +--------------------------------+----------+-------+---+-----+------------+------------+

    * Multiplexer: 
    +---------------------------------------------------+----+-----------+-----+-----------+
    |                        Name                       | LUT| Input Size| Bits| Total Bits|
    +---------------------------------------------------+----+-----------+-----+-----------+
    |ap_NS_fsm                                          |  56|         13|    1|         13|
    |ap_done                                            |   9|          2|    1|          2|
    |ap_enable_reg_pp0_iter1                            |  15|          3|    1|          3|
    |ap_enable_reg_pp2_iter2                            |   9|          2|    1|          2|
    |ap_enable_reg_pp4_iter2                            |   9|          2|    1|          2|
    |ap_phi_mux_digit_histogram_0_V_21_phi_fu_1730_p32  |  15|          3|   32|         96|
    |ap_phi_mux_digit_histogram_0_V_4_phi_fu_2798_p32   |  15|          3|   32|         96|
    |ap_phi_mux_digit_histogram_10_2_phi_fu_1180_p32    |  15|          3|   32|         96|
    |ap_phi_mux_digit_histogram_10_4_phi_fu_2258_p32    |  15|          3|   32|         96|
    |ap_phi_mux_digit_histogram_11_2_phi_fu_1125_p32    |  15|          3|   32|         96|
    |ap_phi_mux_digit_histogram_11_4_phi_fu_2204_p32    |  15|          3|   32|         96|
    |ap_phi_mux_digit_histogram_12_2_phi_fu_1070_p32    |  15|          3|   32|         96|
    |ap_phi_mux_digit_histogram_12_4_phi_fu_2150_p32    |  15|          3|   32|         96|
    |ap_phi_mux_digit_histogram_13_2_phi_fu_1015_p32    |  15|          3|   32|         96|
    |ap_phi_mux_digit_histogram_13_4_phi_fu_2096_p32    |  15|          3|   32|         96|
    |ap_phi_mux_digit_histogram_14_2_phi_fu_960_p32     |  15|          3|   32|         96|
    |ap_phi_mux_digit_histogram_14_4_phi_fu_2042_p32    |  15|          3|   32|         96|
    |ap_phi_mux_digit_histogram_15_2_phi_fu_905_p32     |  15|          3|   32|         96|
    |ap_phi_mux_digit_histogram_15_4_phi_fu_1988_p32    |  15|          3|   32|         96|
    |ap_phi_mux_digit_histogram_1_V_2_phi_fu_1675_p32   |  15|          3|   32|         96|
    |ap_phi_mux_digit_histogram_1_V_4_phi_fu_2744_p32   |  15|          3|   32|         96|
    |ap_phi_mux_digit_histogram_2_V_2_phi_fu_1620_p32   |  15|          3|   32|         96|
    |ap_phi_mux_digit_histogram_2_V_4_phi_fu_2690_p32   |  15|          3|   32|         96|
    |ap_phi_mux_digit_histogram_3_V_2_phi_fu_1565_p32   |  15|          3|   32|         96|
    |ap_phi_mux_digit_histogram_3_V_4_phi_fu_2636_p32   |  15|          3|   32|         96|
    |ap_phi_mux_digit_histogram_4_V_2_phi_fu_1510_p32   |  15|          3|   32|         96|
    |ap_phi_mux_digit_histogram_4_V_4_phi_fu_2582_p32   |  15|          3|   32|         96|
    |ap_phi_mux_digit_histogram_5_V_2_phi_fu_1455_p32   |  15|          3|   32|         96|
    |ap_phi_mux_digit_histogram_5_V_4_phi_fu_2528_p32   |  15|          3|   32|         96|
    |ap_phi_mux_digit_histogram_6_V_2_phi_fu_1400_p32   |  15|          3|   32|         96|
    |ap_phi_mux_digit_histogram_6_V_4_phi_fu_2474_p32   |  15|          3|   32|         96|
    |ap_phi_mux_digit_histogram_7_V_2_phi_fu_1345_p32   |  15|          3|   32|         96|
    |ap_phi_mux_digit_histogram_7_V_4_phi_fu_2420_p32   |  15|          3|   32|         96|
    |ap_phi_mux_digit_histogram_8_V_2_phi_fu_1290_p32   |  15|          3|   32|         96|
    |ap_phi_mux_digit_histogram_8_V_4_phi_fu_2366_p32   |  15|          3|   32|         96|
    |ap_phi_mux_digit_histogram_9_V_2_phi_fu_1235_p32   |  15|          3|   32|         96|
    |ap_phi_mux_digit_histogram_9_V_4_phi_fu_2312_p32   |  15|          3|   32|         96|
    |ap_phi_mux_digit_location_0_V_1_phi_fu_4855_p32    |  15|          3|   32|         96|
    |ap_phi_mux_digit_location_10_V_2_phi_fu_3333_p30   |  15|          3|   32|         96|
    |ap_phi_mux_digit_location_10_V_4_phi_fu_4315_p32   |  15|          3|   32|         96|
    |ap_phi_mux_digit_location_11_V_2_phi_fu_3282_p30   |  15|          3|   32|         96|
    |ap_phi_mux_digit_location_11_V_4_phi_fu_4261_p32   |  15|          3|   32|         96|
    |ap_phi_mux_digit_location_12_V_2_phi_fu_3231_p30   |  15|          3|   32|         96|
    |ap_phi_mux_digit_location_12_V_4_phi_fu_4207_p32   |  15|          3|   32|         96|
    |ap_phi_mux_digit_location_13_V_2_phi_fu_3180_p30   |  15|          3|   32|         96|
    |ap_phi_mux_digit_location_13_V_4_phi_fu_4153_p32   |  15|          3|   32|         96|
    |ap_phi_mux_digit_location_14_V_2_phi_fu_3129_p30   |  15|          3|   32|         96|
    |ap_phi_mux_digit_location_14_V_4_phi_fu_4099_p32   |  15|          3|   32|         96|
    |ap_phi_mux_digit_location_15_V_2_phi_fu_3078_p30   |  15|          3|   32|         96|
    |ap_phi_mux_digit_location_15_V_4_phi_fu_4045_p32   |  15|          3|   32|         96|
    |ap_phi_mux_digit_location_1_V_2_phi_fu_3792_p30    |  15|          3|   32|         96|
    |ap_phi_mux_digit_location_1_V_4_phi_fu_4801_p32    |  15|          3|   32|         96|
    |ap_phi_mux_digit_location_2_V_2_phi_fu_3741_p30    |  15|          3|   32|         96|
    |ap_phi_mux_digit_location_2_V_4_phi_fu_4747_p32    |  15|          3|   32|         96|
    |ap_phi_mux_digit_location_3_V_2_phi_fu_3690_p30    |  15|          3|   32|         96|
    |ap_phi_mux_digit_location_3_V_4_phi_fu_4693_p32    |  15|          3|   32|         96|
    |ap_phi_mux_digit_location_4_V_2_phi_fu_3639_p30    |  15|          3|   32|         96|
    |ap_phi_mux_digit_location_4_V_4_phi_fu_4639_p32    |  15|          3|   32|         96|
    |ap_phi_mux_digit_location_5_V_2_phi_fu_3588_p30    |  15|          3|   32|         96|
    |ap_phi_mux_digit_location_5_V_4_phi_fu_4585_p32    |  15|          3|   32|         96|
    |ap_phi_mux_digit_location_6_V_2_phi_fu_3537_p30    |  15|          3|   32|         96|
    |ap_phi_mux_digit_location_6_V_4_phi_fu_4531_p32    |  15|          3|   32|         96|
    |ap_phi_mux_digit_location_7_V_2_phi_fu_3486_p30    |  15|          3|   32|         96|
    |ap_phi_mux_digit_location_7_V_4_phi_fu_4477_p32    |  15|          3|   32|         96|
    |ap_phi_mux_digit_location_8_V_2_phi_fu_3435_p30    |  15|          3|   32|         96|
    |ap_phi_mux_digit_location_8_V_4_phi_fu_4423_p32    |  15|          3|   32|         96|
    |ap_phi_mux_digit_location_9_V_2_phi_fu_3384_p30    |  15|          3|   32|         96|
    |ap_phi_mux_digit_location_9_V_4_phi_fu_4369_p32    |  15|          3|   32|         96|
    |ap_phi_mux_phi_ln215_phi_fu_3027_p30               |  65|         16|   32|        512|
    |current_digit_V_address0                           |  15|          3|    8|         24|
    |digit_histogram_0_V_1_reg_879                      |   9|          2|   32|         64|
    |digit_histogram_0_V_3_reg_1972                     |   9|          2|   32|         64|
    |digit_histogram_10_1_reg_769                       |   9|          2|   32|         64|
    |digit_histogram_10_3_reg_1852                      |   9|          2|   32|         64|
    |digit_histogram_11_1_reg_758                       |   9|          2|   32|         64|
    |digit_histogram_11_3_reg_1840                      |   9|          2|   32|         64|
    |digit_histogram_12_1_reg_747                       |   9|          2|   32|         64|
    |digit_histogram_12_3_reg_1828                      |   9|          2|   32|         64|
    |digit_histogram_13_1_reg_736                       |   9|          2|   32|         64|
    |digit_histogram_13_3_reg_1816                      |   9|          2|   32|         64|
    |digit_histogram_14_1_reg_725                       |   9|          2|   32|         64|
    |digit_histogram_14_3_reg_1804                      |   9|          2|   32|         64|
    |digit_histogram_15_1_reg_714                       |   9|          2|   32|         64|
    |digit_histogram_15_3_reg_1792                      |   9|          2|   32|         64|
    |digit_histogram_1_V_1_reg_868                      |   9|          2|   32|         64|
    |digit_histogram_1_V_3_reg_1960                     |   9|          2|   32|         64|
    |digit_histogram_2_V_1_reg_857                      |   9|          2|   32|         64|
    |digit_histogram_2_V_3_reg_1948                     |   9|          2|   32|         64|
    |digit_histogram_3_V_1_reg_846                      |   9|          2|   32|         64|
    |digit_histogram_3_V_3_reg_1936                     |   9|          2|   32|         64|
    |digit_histogram_4_V_1_reg_835                      |   9|          2|   32|         64|
    |digit_histogram_4_V_3_reg_1924                     |   9|          2|   32|         64|
    |digit_histogram_5_V_1_reg_824                      |   9|          2|   32|         64|
    |digit_histogram_5_V_3_reg_1912                     |   9|          2|   32|         64|
    |digit_histogram_6_V_1_reg_813                      |   9|          2|   32|         64|
    |digit_histogram_6_V_3_reg_1900                     |   9|          2|   32|         64|
    |digit_histogram_7_V_1_reg_802                      |   9|          2|   32|         64|
    |digit_histogram_7_V_3_reg_1888                     |   9|          2|   32|         64|
    |digit_histogram_8_V_1_reg_791                      |   9|          2|   32|         64|
    |digit_histogram_8_V_3_reg_1876                     |   9|          2|   32|         64|
    |digit_histogram_9_V_1_reg_780                      |   9|          2|   32|         64|
    |digit_histogram_9_V_3_reg_1864                     |   9|          2|   32|         64|
    |digit_location_0_V_s_reg_4030                      |   9|          2|   32|         64|
    |digit_location_10_V_1_reg_2903                     |   9|          2|   32|         64|
    |digit_location_10_V_3_reg_3910                     |   9|          2|   32|         64|
    |digit_location_11_V_1_reg_2892                     |   9|          2|   32|         64|
    |digit_location_11_V_3_reg_3898                     |   9|          2|   32|         64|
    |digit_location_12_V_1_reg_2881                     |   9|          2|   32|         64|
    |digit_location_12_V_3_reg_3886                     |   9|          2|   32|         64|
    |digit_location_13_V_1_reg_2870                     |   9|          2|   32|         64|
    |digit_location_13_V_3_reg_3874                     |   9|          2|   32|         64|
    |digit_location_14_V_1_reg_2859                     |   9|          2|   32|         64|
    |digit_location_14_V_3_reg_3862                     |   9|          2|   32|         64|
    |digit_location_15_V_1_reg_2848                     |   9|          2|   32|         64|
    |digit_location_15_V_3_reg_3850                     |   9|          2|   32|         64|
    |digit_location_1_V_1_reg_3002                      |   9|          2|   32|         64|
    |digit_location_1_V_32_reg_4018                     |   9|          2|   32|         64|
    |digit_location_2_V_1_reg_2991                      |   9|          2|   32|         64|
    |digit_location_2_V_3_reg_4006                      |   9|          2|   32|         64|
    |digit_location_3_V_1_reg_2980                      |   9|          2|   32|         64|
    |digit_location_3_V_3_reg_3994                      |   9|          2|   32|         64|
    |digit_location_4_V_1_reg_2969                      |   9|          2|   32|         64|
    |digit_location_4_V_3_reg_3982                      |   9|          2|   32|         64|
    |digit_location_5_V_1_reg_2958                      |   9|          2|   32|         64|
    |digit_location_5_V_3_reg_3970                      |   9|          2|   32|         64|
    |digit_location_6_V_1_reg_2947                      |   9|          2|   32|         64|
    |digit_location_6_V_3_reg_3958                      |   9|          2|   32|         64|
    |digit_location_7_V_1_reg_2936                      |   9|          2|   32|         64|
    |digit_location_7_V_3_reg_3946                      |   9|          2|   32|         64|
    |digit_location_8_V_1_reg_2925                      |   9|          2|   32|         64|
    |digit_location_8_V_3_reg_3934                      |   9|          2|   32|         64|
    |digit_location_9_V_1_reg_2914                      |   9|          2|   32|         64|
    |digit_location_9_V_3_reg_3922                      |   9|          2|   32|         64|
    |i6_0_i_i_reg_3013                                  |   9|          2|    5|         10|
    |i_0_i_i_reg_890                                    |   9|          2|    5|         10|
    |j5_0_i_i_reg_1781                                  |   9|          2|   32|         64|
    |j7_0_i_i_reg_3839                                  |   9|          2|   32|         64|
    |j_0_i_i_reg_319                                    |   9|          2|   32|         64|
    |n_blk_n                                            |   9|          2|    1|          2|
    |n_out_blk_n                                        |   9|          2|    1|          2|
    |op2_assign_reg_702                                 |   9|          2|    6|         12|
    |previous_sorting_fre_address0                      |  15|          3|    8|         24|
    |previous_sorting_val_address0                      |  15|          3|    8|         24|
    |sorting_frequency_V_address0                       |  21|          4|    8|         32|
    |sorting_frequency_V_d0                             |  15|          3|   32|         96|
    |sorting_value_V_address0                           |  21|          4|    8|         32|
    |sorting_value_V_d0                                 |  15|          3|   32|         96|
    +---------------------------------------------------+----+-----------+-----+-----------+
    |Total                                              |1864|        392| 4287|      11170|
    +---------------------------------------------------+----+-----------+-----+-----------+

    * Register: 
    +----------------------------------+----+----+-----+-----------+
    |               Name               | FF | LUT| Bits| Const Bits|
    +----------------------------------+----+----+-----+-----------+
    |ap_CS_fsm                         |  12|   0|   12|          0|
    |ap_done_reg                       |   1|   0|    1|          0|
    |ap_enable_reg_pp0_iter0           |   1|   0|    1|          0|
    |ap_enable_reg_pp0_iter1           |   1|   0|    1|          0|
    |ap_enable_reg_pp2_iter0           |   1|   0|    1|          0|
    |ap_enable_reg_pp2_iter1           |   1|   0|    1|          0|
    |ap_enable_reg_pp2_iter2           |   1|   0|    1|          0|
    |ap_enable_reg_pp4_iter0           |   1|   0|    1|          0|
    |ap_enable_reg_pp4_iter1           |   1|   0|    1|          0|
    |ap_enable_reg_pp4_iter2           |   1|   0|    1|          0|
    |digit_V_1_reg_5314                |   4|   0|    4|          0|
    |digit_V_reg_5277                  |   4|   0|    4|          0|
    |digit_histogram_0_V_1_reg_879     |  32|   0|   32|          0|
    |digit_histogram_0_V_2_reg_690     |  32|   0|   32|          0|
    |digit_histogram_0_V_3_reg_1972    |  32|   0|   32|          0|
    |digit_histogram_10_1_reg_769      |  32|   0|   32|          0|
    |digit_histogram_10_3_reg_1852     |  32|   0|   32|          0|
    |digit_histogram_10_s_reg_570      |  32|   0|   32|          0|
    |digit_histogram_11_1_reg_758      |  32|   0|   32|          0|
    |digit_histogram_11_3_reg_1840     |  32|   0|   32|          0|
    |digit_histogram_11_s_reg_558      |  32|   0|   32|          0|
    |digit_histogram_12_1_reg_747      |  32|   0|   32|          0|
    |digit_histogram_12_3_reg_1828     |  32|   0|   32|          0|
    |digit_histogram_12_s_reg_546      |  32|   0|   32|          0|
    |digit_histogram_13_1_reg_736      |  32|   0|   32|          0|
    |digit_histogram_13_3_reg_1816     |  32|   0|   32|          0|
    |digit_histogram_13_s_reg_534      |  32|   0|   32|          0|
    |digit_histogram_14_1_reg_725      |  32|   0|   32|          0|
    |digit_histogram_14_3_reg_1804     |  32|   0|   32|          0|
    |digit_histogram_14_s_reg_522      |  32|   0|   32|          0|
    |digit_histogram_15_1_reg_714      |  32|   0|   32|          0|
    |digit_histogram_15_3_reg_1792     |  32|   0|   32|          0|
    |digit_histogram_15_s_reg_510      |  32|   0|   32|          0|
    |digit_histogram_1_V_1_reg_868     |  32|   0|   32|          0|
    |digit_histogram_1_V_3_reg_1960    |  32|   0|   32|          0|
    |digit_histogram_1_V_reg_678       |  32|   0|   32|          0|
    |digit_histogram_2_V_1_reg_857     |  32|   0|   32|          0|
    |digit_histogram_2_V_3_reg_1948    |  32|   0|   32|          0|
    |digit_histogram_2_V_reg_666       |  32|   0|   32|          0|
    |digit_histogram_3_V_1_reg_846     |  32|   0|   32|          0|
    |digit_histogram_3_V_3_reg_1936    |  32|   0|   32|          0|
    |digit_histogram_3_V_reg_654       |  32|   0|   32|          0|
    |digit_histogram_4_V_1_reg_835     |  32|   0|   32|          0|
    |digit_histogram_4_V_3_reg_1924    |  32|   0|   32|          0|
    |digit_histogram_4_V_reg_642       |  32|   0|   32|          0|
    |digit_histogram_5_V_1_reg_824     |  32|   0|   32|          0|
    |digit_histogram_5_V_3_reg_1912    |  32|   0|   32|          0|
    |digit_histogram_5_V_reg_630       |  32|   0|   32|          0|
    |digit_histogram_6_V_1_reg_813     |  32|   0|   32|          0|
    |digit_histogram_6_V_3_reg_1900    |  32|   0|   32|          0|
    |digit_histogram_6_V_reg_618       |  32|   0|   32|          0|
    |digit_histogram_7_V_1_reg_802     |  32|   0|   32|          0|
    |digit_histogram_7_V_3_reg_1888    |  32|   0|   32|          0|
    |digit_histogram_7_V_reg_606       |  32|   0|   32|          0|
    |digit_histogram_8_V_1_reg_791     |  32|   0|   32|          0|
    |digit_histogram_8_V_3_reg_1876    |  32|   0|   32|          0|
    |digit_histogram_8_V_reg_594       |  32|   0|   32|          0|
    |digit_histogram_9_V_1_reg_780     |  32|   0|   32|          0|
    |digit_histogram_9_V_3_reg_1864    |  32|   0|   32|          0|
    |digit_histogram_9_V_reg_582       |  32|   0|   32|          0|
    |digit_location_0_V_s_reg_4030     |  32|   0|   32|          0|
    |digit_location_10_V_1_reg_2903    |  32|   0|   32|          0|
    |digit_location_10_V_3_reg_3910    |  32|   0|   32|          0|
    |digit_location_10_V_reg_390       |  32|   0|   32|          0|
    |digit_location_11_V_1_reg_2892    |  32|   0|   32|          0|
    |digit_location_11_V_3_reg_3898    |  32|   0|   32|          0|
    |digit_location_11_V_reg_378       |  32|   0|   32|          0|
    |digit_location_12_V_1_reg_2881    |  32|   0|   32|          0|
    |digit_location_12_V_3_reg_3886    |  32|   0|   32|          0|
    |digit_location_12_V_reg_366       |  32|   0|   32|          0|
    |digit_location_13_V_1_reg_2870    |  32|   0|   32|          0|
    |digit_location_13_V_3_reg_3874    |  32|   0|   32|          0|
    |digit_location_13_V_reg_354       |  32|   0|   32|          0|
    |digit_location_14_V_1_reg_2859    |  32|   0|   32|          0|
    |digit_location_14_V_3_reg_3862    |  32|   0|   32|          0|
    |digit_location_14_V_reg_342       |  32|   0|   32|          0|
    |digit_location_15_V_1_reg_2848    |  32|   0|   32|          0|
    |digit_location_15_V_3_reg_3850    |  32|   0|   32|          0|
    |digit_location_15_V_reg_330       |  32|   0|   32|          0|
    |digit_location_1_V_1_reg_3002     |  32|   0|   32|          0|
    |digit_location_1_V_32_reg_4018    |  32|   0|   32|          0|
    |digit_location_1_V_s_reg_498      |  32|   0|   32|          0|
    |digit_location_2_V_1_reg_2991     |  32|   0|   32|          0|
    |digit_location_2_V_3_reg_4006     |  32|   0|   32|          0|
    |digit_location_2_V_s_reg_486      |  32|   0|   32|          0|
    |digit_location_3_V_1_reg_2980     |  32|   0|   32|          0|
    |digit_location_3_V_3_reg_3994     |  32|   0|   32|          0|
    |digit_location_3_V_s_reg_474      |  32|   0|   32|          0|
    |digit_location_4_V_1_reg_2969     |  32|   0|   32|          0|
    |digit_location_4_V_3_reg_3982     |  32|   0|   32|          0|
    |digit_location_4_V_s_reg_462      |  32|   0|   32|          0|
    |digit_location_5_V_1_reg_2958     |  32|   0|   32|          0|
    |digit_location_5_V_3_reg_3970     |  32|   0|   32|          0|
    |digit_location_5_V_s_reg_450      |  32|   0|   32|          0|
    |digit_location_6_V_1_reg_2947     |  32|   0|   32|          0|
    |digit_location_6_V_3_reg_3958     |  32|   0|   32|          0|
    |digit_location_6_V_s_reg_438      |  32|   0|   32|          0|
    |digit_location_7_V_1_reg_2936     |  32|   0|   32|          0|
    |digit_location_7_V_3_reg_3946     |  32|   0|   32|          0|
    |digit_location_7_V_s_reg_426      |  32|   0|   32|          0|
    |digit_location_8_V_1_reg_2925     |  32|   0|   32|          0|
    |digit_location_8_V_3_reg_3934     |  32|   0|   32|          0|
    |digit_location_8_V_s_reg_414      |  32|   0|   32|          0|
    |digit_location_9_V_1_reg_2914     |  32|   0|   32|          0|
    |digit_location_9_V_3_reg_3922     |  32|   0|   32|          0|
    |digit_location_9_V_s_reg_402      |  32|   0|   32|          0|
    |i6_0_i_i_reg_3013                 |   5|   0|    5|          0|
    |i_0_i_i_reg_890                   |   5|   0|    5|          0|
    |icmp_ln20_reg_5206                |   1|   0|    1|          0|
    |icmp_ln34_reg_5251                |   1|   0|    1|          0|
    |icmp_ln34_reg_5251_pp2_iter1_reg  |   1|   0|    1|          0|
    |icmp_ln49_reg_5294                |   1|   0|    1|          0|
    |icmp_ln49_reg_5294_pp4_iter1_reg  |   1|   0|    1|          0|
    |j5_0_i_i_reg_1781                 |  32|   0|   32|          0|
    |j7_0_i_i_reg_3839                 |  32|   0|   32|          0|
    |j_0_i_i_reg_319                   |  32|   0|   32|          0|
    |n_read_reg_5199                   |  32|   0|   32|          0|
    |op2_assign_reg_702                |   6|   0|    6|          0|
    |zext_ln22_reg_5215                |  32|   0|   64|         32|
    |zext_ln26_reg_5235                |   6|   0|   32|         26|
    |zext_ln36_reg_5260                |  32|   0|   64|         32|
    |zext_ln36_reg_5260_pp2_iter1_reg  |  32|   0|   64|         32|
    |zext_ln51_reg_5303                |  32|   0|   64|         32|
    +----------------------------------+----+----+-----+-----------+
    |Total                             |3320|   0| 3474|        154|
    +----------------------------------+----+----+-----+-----------+



================================================================
== Interface
================================================================
* Summary: 
+--------------------------+-----+-----+------------+-----------------+--------------+
|         RTL Ports        | Dir | Bits|  Protocol  |  Source Object  |    C Type    |
+--------------------------+-----+-----+------------+-----------------+--------------+
|ap_clk                    |  in |    1| ap_ctrl_hs |       sort      | return value |
|ap_rst                    |  in |    1| ap_ctrl_hs |       sort      | return value |
|ap_start                  |  in |    1| ap_ctrl_hs |       sort      | return value |
|ap_done                   | out |    1| ap_ctrl_hs |       sort      | return value |
|ap_continue               |  in |    1| ap_ctrl_hs |       sort      | return value |
|ap_idle                   | out |    1| ap_ctrl_hs |       sort      | return value |
|ap_ready                  | out |    1| ap_ctrl_hs |       sort      | return value |
|in_value_V_address0       | out |    8|  ap_memory |    in_value_V   |     array    |
|in_value_V_ce0            | out |    1|  ap_memory |    in_value_V   |     array    |
|in_value_V_q0             |  in |   32|  ap_memory |    in_value_V   |     array    |
|in_frequency_V_address0   | out |    8|  ap_memory |  in_frequency_V |     array    |
|in_frequency_V_ce0        | out |    1|  ap_memory |  in_frequency_V |     array    |
|in_frequency_V_q0         |  in |   32|  ap_memory |  in_frequency_V |     array    |
|n_dout                    |  in |   32|   ap_fifo  |        n        |    pointer   |
|n_empty_n                 |  in |    1|   ap_fifo  |        n        |    pointer   |
|n_read                    | out |    1|   ap_fifo  |        n        |    pointer   |
|out_value_V_address0      | out |    8|  ap_memory |   out_value_V   |     array    |
|out_value_V_ce0           | out |    1|  ap_memory |   out_value_V   |     array    |
|out_value_V_we0           | out |    1|  ap_memory |   out_value_V   |     array    |
|out_value_V_d0            | out |   32|  ap_memory |   out_value_V   |     array    |
|out_frequency_V_address0  | out |    8|  ap_memory | out_frequency_V |     array    |
|out_frequency_V_ce0       | out |    1|  ap_memory | out_frequency_V |     array    |
|out_frequency_V_we0       | out |    1|  ap_memory | out_frequency_V |     array    |
|out_frequency_V_d0        | out |   32|  ap_memory | out_frequency_V |     array    |
|n_out_din                 | out |   32|   ap_fifo  |      n_out      |    pointer   |
|n_out_full_n              |  in |    1|   ap_fifo  |      n_out      |    pointer   |
|n_out_write               | out |    1|   ap_fifo  |      n_out      |    pointer   |
+--------------------------+-----+-----+------------+-----------------+--------------+

